docker-compose : 
time="2026-01-11T09:51:01+05:30" 
level=warning msg="C:\\Users\\91858\\Downloads
\\SME_Platform_12_Separate_Modules\\docker-com
pose.yml: the attribute `version` is 
obsolete, it will be ignored, please remove 
it to avoid potential confusion"
At line:1 char:1
+ docker-compose build backend > 
build_errors.log 2>&1
+ ~~~~~~~~~~~~~~~~~~~~~~~~~~~~~~~~~~~~~~~~~~~~
~~~~~~~~
    + CategoryInfo          : NotSpecified: ( 
   time="2026-01-1...tial confusion":String)  
   [], RemoteException
    + FullyQualifiedErrorId : NativeCommandEr 
   ror
 
#1 [internal] load local bake definitions
#1 reading from stdin 702B done
#1 DONE 0.0s

#2 [internal] load build definition from Dockerfile
#2 transferring dockerfile: 1.54kB 0.0s done
#2 DONE 0.0s

#3 [internal] load metadata for docker.io/library/node:20-alpine
#3 DONE 2.3s

#4 [internal] load .dockerignore
#4 transferring context: 562B done
#4 DONE 0.0s

#5 [builder 1/9] FROM docker.io/library/node:20-alpine@sha256:658d0f63e501824d6c23e06d4bb95c71e7d704537c9d9272f488ac03a370d448
#5 resolve docker.io/library/node:20-alpine@sha256:658d0f63e501824d6c23e06d4bb95c71e7d704537c9d9272f488ac03a370d448 0.0s done
#5 DONE 0.1s

#6 [stage-1 2/8] RUN apk add --no-cache dumb-init
#6 CACHED

#7 [stage-1 3/8] RUN addgroup -g 1001 nodeuser &&     adduser -S -u 1001 -G nodeuser nodeuser
#7 CACHED

#8 [stage-1 4/8] WORKDIR /app
#8 CACHED

#9 [internal] load build context
#9 transferring context: 8.72kB 0.0s done
#9 DONE 0.0s

#10 [builder 5/9] RUN npm install
#10 CACHED

#11 [builder 6/9] COPY src ./src
#11 CACHED

#12 [builder 2/9] WORKDIR /app
#12 CACHED

#13 [builder 3/9] COPY package*.json ./
#13 CACHED

#14 [builder 4/9] COPY tsconfig*.json ./
#14 CACHED

#15 [builder 7/9] COPY migrations ./migrations
#15 CACHED

#16 [builder 8/9] RUN npm run build
#16 0.655 
#16 0.655 > module-12-administration@1.0.0 build
#16 0.655 > nest build
#16 0.655 
#16 19.16 [96msrc/administration.module.ts[0m:[93m9[0m:[93m30[0m - [91merror[0m[90m TS2307: [0mCannot find module '../../Module_11_Common/common.module' or its corresponding type declarations.
#16 19.16 
#16 19.16 [7m9[0m import { CommonModule } from '../../Module_11_Common/common.module';
#16 19.16 [7m [0m [91m                             ~~~~~~~~~~~~~~~~~~~~~~~~~~~~~~~~~~~~~~[0m
#16 19.16 [96msrc/controllers/administration.controller.ts[0m:[93m18[0m:[93m30[0m - [91merror[0m[90m TS2307: [0mCannot find module '../../../Module_11_Common/code/guards/jwt-auth.guard' or its corresponding type declarations.
#16 19.16 
#16 19.16 [7m18[0m import { JwtAuthGuard } from '../../../Module_11_Common/code/guards/jwt-auth.guard';
#16 19.16 [7m  [0m [91m                             ~~~~~~~~~~~~~~~~~~~~~~~~~~~~~~~~~~~~~~~~~~~~~~~~~~~~~~[0m
#16 19.16 [96msrc/services/activity-feed.service.ts[0m:[93m10[0m:[93m25[0m - [91merror[0m[90m TS2307: [0mCannot find module '@nestjs/event-emitter' or its corresponding type declarations.
#16 19.16 
#16 19.16 [7m10[0m import { OnEvent } from '@nestjs/event-emitter';
#16 19.16 [7m  [0m [91m                        ~~~~~~~~~~~~~~~~~~~~~~~[0m
#16 19.16 [96msrc/services/advanced-audit.service.ts[0m:[93m7[0m:[93m31[0m - [91merror[0m[90m TS2307: [0mCannot find module '@nestjs/event-emitter' or its corresponding type declarations.
#16 19.16 
#16 19.16 [7m7[0m import { EventEmitter2 } from '@nestjs/event-emitter';
#16 19.16 [7m [0m [91m                              ~~~~~~~~~~~~~~~~~~~~~~~[0m
#16 19.16 [96msrc/services/advanced-audit.service.ts[0m:[93m74[0m:[93m54[0m - [91merror[0m[90m TS2769: [0mNo overload matches this call.
#16 19.16   Overload 1 of 3, '(entityLikeArray: DeepPartial<AuditLogEntity>[]): AuditLogEntity[]', gave the following error.
#16 19.16     Object literal may only specify known properties, and 'timestamp' does not exist in type 'DeepPartial<AuditLogEntity>[]'.
#16 19.16   Overload 2 of 3, '(entityLike: DeepPartial<AuditLogEntity>): AuditLogEntity', gave the following error.
#16 19.16     Object literal may only specify known properties, and 'category' does not exist in type 'DeepPartial<AuditLogEntity>'.
#16 19.16 
#16 19.16 [7m74[0m             const auditLog = this.auditLogRepository.create({
#16 19.16 [7m  [0m [91m                                                     ~~~~~~[0m
#16 19.16 
#16 19.16 [96msrc/services/advanced-audit.service.ts[0m:[93m94[0m:[93m35[0m - [91merror[0m[90m TS2345: [0mArgument of type 'AuditLogEntity[]' is not assignable to parameter of type 'AuditLogEntity'.
#16 19.16   Type 'AuditLogEntity[]' is missing the following properties from type 'AuditLogEntity': id, tenantId, userId, action, and 18 more.
#16 19.16 
#16 19.16 [7m94[0m             this.addToAuditStream(savedLog);
#16 19.16 [7m  [0m [91m                                  ~~~~~~~~[0m
#16 19.16 [96msrc/services/advanced-audit.service.ts[0m:[93m97[0m:[93m32[0m - [91merror[0m[90m TS2345: [0mArgument of type 'AuditLogEntity[]' is not assignable to parameter of type 'AuditLogEntity'.
#16 19.16   Type 'AuditLogEntity[]' is missing the following properties from type 'AuditLogEntity': id, tenantId, userId, action, and 18 more.
#16 19.16 
#16 19.16 [7m97[0m             this.updateMetrics(savedLog);
#16 19.16 [7m  [0m [91m                               ~~~~~~~~[0m
#16 19.16 [96msrc/services/advanced-audit.service.ts[0m:[93m103[0m:[93m44[0m - [91merror[0m[90m TS2345: [0mArgument of type 'AuditLogEntity[]' is not assignable to parameter of type 'AuditLogEntity'.
#16 19.16   Type 'AuditLogEntity[]' is missing the following properties from type 'AuditLogEntity': id, tenantId, userId, action, and 18 more.
#16 19.16 
#16 19.16 [7m103[0m             await this.checkCriticalAlerts(savedLog);
#16 19.16 [7m   [0m [91m                                           ~~~~~~~~[0m
#16 19.16 [96msrc/services/advanced-audit.service.ts[0m:[93m105[0m:[93m62[0m - [91merror[0m[90m TS2339: [0mProperty 'id' does not exist on type 'AuditLogEntity[]'.
#16 19.16 
#16 19.16 [7m105[0m             this.logger.debug(`Audit log created: ${savedLog.id}`);
#16 19.16 [7m   [0m [91m                                                             ~~[0m
#16 19.16 [96msrc/services/advanced-audit.service.ts[0m:[93m106[0m:[93m13[0m - [91merror[0m[90m TS2740: [0mType 'AuditLogEntity[]' is missing the following properties from type 'AuditLogEntity': id, tenantId, userId, action, and 18 more.
#16 19.16 
#16 19.16 [7m106[0m             return savedLog;
#16 19.16 [7m   [0m [91m            ~~~~~~[0m
#16 19.16 [96msrc/services/advanced-audit.service.ts[0m:[93m158[0m:[93m57[0m - [91merror[0m[90m TS2345: [0mArgument of type 'unknown' is not assignable to parameter of type 'AuditLogEntity[]'.
#16 19.16   Type '{}' is missing the following properties from type 'AuditLogEntity[]': length, pop, push, concat, and 29 more.
#16 19.16 
#16 19.16 [7m158[0m             await this.processTenantAuditLogs(tenantId, logs);
#16 19.16 [7m   [0m [91m                                                        ~~~~[0m
#16 19.16 [96msrc/services/advanced-audit.service.ts[0m:[93m169[0m:[93m52[0m - [91merror[0m[90m TS2339: [0mProperty 'category' does not exist on type 'AuditLogEntity'.
#16 19.16 
#16 19.16 [7m169[0m             securityEvents: logs.filter(log => log.category === 'SECURITY').length,
#16 19.16 [7m   [0m [91m                                                   ~~~~~~~~[0m
#16 19.16 [96msrc/services/advanced-audit.service.ts[0m:[93m210[0m:[93m43[0m - [91merror[0m[90m TS2304: [0mCannot find name 'ArrayOverlap'.
#16 19.16 
#16 19.16 [7m210[0m             whereClause.complianceFlags = ArrayOverlap(options.complianceFlags);
#16 19.16 [7m   [0m [91m                                          ~~~~~~~~~~~~[0m
#16 19.16 [96msrc/services/advanced-audit.service.ts[0m:[93m214[0m:[93m36[0m - [91merror[0m[90m TS2304: [0mCannot find name 'In'.
#16 19.16 
#16 19.16 [7m214[0m             whereClause.category = In(options.categories);
#16 19.16 [7m   [0m [91m                                   ~~[0m
#16 19.16 [96msrc/services/advanced-audit.service.ts[0m:[93m267[0m:[93m17[0m - [91merror[0m[90m TS2353: [0mObject literal may only specify known properties, and 'category' does not exist in type 'FindOptionsWhere<AuditLogEntity> | FindOptionsWhere<AuditLogEntity>[]'.
#16 19.16 
#16 19.16 [7m267[0m                 category: 'SECURITY',
#16 19.16 [7m   [0m [91m                ~~~~~~~~[0m
#16 19.16 
#16 19.16   [96mnode_modules/typeorm/find-options/FindOneOptions.d.ts[0m:[93m23[0m:[93m5[0m
#16 19.16     [7m23[0m     where?: FindOptionsWhere<Entity>[] | FindOptionsWhere<Entity>;
#16 19.16     [7m  [0m [96m    ~~~~~[0m
#16 19.16     The expected type comes from property 'where' which is declared here on type 'FindManyOptions<AuditLogEntity>'
#16 19.16 [96msrc/services/advanced-audit.service.ts[0m:[93m277[0m:[93m40[0m - [91merror[0m[90m TS2339: [0mProperty 'LOGIN_FAILED' does not exist on type 'typeof AuditAction'.
#16 19.16 
#16 19.16 [7m277[0m             log.action === AuditAction.LOGIN_FAILED &&
#16 19.16 [7m   [0m [91m                                       ~~~~~~~~~~~~[0m
#16 19.16 [96msrc/services/advanced-audit.service.ts[0m:[93m312[0m:[93m26[0m - [91merror[0m[90m TS2339: [0mProperty 'LOGIN' does not exist on type 'typeof AuditAction'.
#16 19.16 
#16 19.16 [7m312[0m             [AuditAction.LOGIN]: 'AUTHENTICATION',
#16 19.16 [7m   [0m [91m                         ~~~~~[0m
#16 19.16 [96msrc/services/advanced-audit.service.ts[0m:[93m313[0m:[93m26[0m - [91merror[0m[90m TS2339: [0mProperty 'LOGOUT' does not exist on type 'typeof AuditAction'.
#16 19.16 
#16 19.16 [7m313[0m             [AuditAction.LOGOUT]: 'AUTHENTICATION',
#16 19.16 [7m   [0m [91m                         ~~~~~~[0m
#16 19.16 [96msrc/services/advanced-audit.service.ts[0m:[93m314[0m:[93m26[0m - [91merror[0m[90m TS2339: [0mProperty 'CREATE' does not exist on type 'typeof AuditAction'.
#16 19.16 
#16 19.16 [7m314[0m             [AuditAction.CREATE]: 'DATA_MODIFICATION',
#16 19.16 [7m   [0m [91m                         ~~~~~~[0m
#16 19.16 [96msrc/services/advanced-audit.service.ts[0m:[93m315[0m:[93m26[0m - [91merror[0m[90m TS2339: [0mProperty 'UPDATE' does not exist on type 'typeof AuditAction'.
#16 19.16 
#16 19.16 [7m315[0m             [AuditAction.UPDATE]: 'DATA_MODIFICATION',
#16 19.16 [7m   [0m [91m                         ~~~~~~[0m
#16 19.16 [96msrc/services/advanced-audit.service.ts[0m:[93m316[0m:[93m26[0m - [91merror[0m[90m TS2339: [0mProperty 'DELETE' does not exist on type 'typeof AuditAction'.
#16 19.16 
#16 19.16 [7m316[0m             [AuditAction.DELETE]: 'DATA_MODIFICATION',
#16 19.16 [7m   [0m [91m                         ~~~~~~[0m
#16 19.16 [96msrc/services/advanced-audit.service.ts[0m:[93m317[0m:[93m26[0m - [91merror[0m[90m TS2339: [0mProperty 'VIEW' does not exist on type 'typeof AuditAction'.
#16 19.16 
#16 19.16 [7m317[0m             [AuditAction.VIEW]: 'DATA_ACCESS',
#16 19.16 [7m   [0m [91m                         ~~~~[0m
#16 19.16 [96msrc/services/advanced-audit.service.ts[0m:[93m318[0m:[93m26[0m - [91merror[0m[90m TS2339: [0mProperty 'EXPORT' does not exist on type 'typeof AuditAction'.
#16 19.16 
#16 19.16 [7m318[0m             [AuditAction.EXPORT]: 'DATA_EXPORT',
#16 19.16 [7m   [0m [91m                         ~~~~~~[0m
#16 19.16 [96msrc/services/advanced-audit.service.ts[0m:[93m319[0m:[93m26[0m - [91merror[0m[90m TS2339: [0mProperty 'IMPORT' does not exist on type 'typeof AuditAction'.
#16 19.16 
#16 19.16 [7m319[0m             [AuditAction.IMPORT]: 'DATA_IMPORT',
#16 19.16 [7m   [0m [91m                         ~~~~~~[0m
#16 19.16 [96msrc/services/advanced-audit.service.ts[0m:[93m335[0m:[93m22[0m - [91merror[0m[90m TS2339: [0mProperty 'category' does not exist on type 'AuditLogEntity'.
#16 19.16 
#16 19.16 [7m335[0m         if (auditLog.category === 'PERFORMANCE') {
#16 19.16 [7m   [0m [91m                     ~~~~~~~~[0m
#16 19.16 [96msrc/services/advanced-audit.service.ts[0m:[93m339[0m:[93m22[0m - [91merror[0m[90m TS2339: [0mProperty 'category' does not exist on type 'AuditLogEntity'.
#16 19.16 
#16 19.16 [7m339[0m         if (auditLog.category === 'SECURITY') {
#16 19.16 [7m   [0m [91m                     ~~~~~~~~[0m
#16 19.16 [96msrc/services/advanced-audit.service.ts[0m:[93m343[0m:[93m22[0m - [91merror[0m[90m TS2339: [0mProperty 'category' does not exist on type 'AuditLogEntity'.
#16 19.16 
#16 19.16 [7m343[0m         if (auditLog.category === 'COMPLIANCE') {
#16 19.16 [7m   [0m [91m                     ~~~~~~~~[0m
#16 19.16 [96msrc/services/advanced-audit.service.ts[0m:[93m358[0m:[93m22[0m - [91merror[0m[90m TS2339: [0mProperty 'category' does not exist on type 'AuditLogEntity'.
#16 19.16 
#16 19.16 [7m358[0m         if (auditLog.category === 'SECURITY' && auditLog.action === AuditAction.LOGIN_FAILED) {
#16 19.16 [7m   [0m [91m                     ~~~~~~~~[0m
#16 19.16 [96msrc/services/advanced-audit.service.ts[0m:[93m358[0m:[93m81[0m - [91merror[0m[90m TS2339: [0mProperty 'LOGIN_FAILED' does not exist on type 'typeof AuditAction'.
#16 19.16 
#16 19.16 [7m358[0m         if (auditLog.category === 'SECURITY' && auditLog.action === AuditAction.LOGIN_FAILED) {
#16 19.16 [7m   [0m [91m                                                                                ~~~~~~~~~~~~[0m
#16 19.16 [96msrc/services/advanced-audit.service.ts[0m:[93m371[0m:[93m25[0m - [91merror[0m[90m TS2339: [0mProperty 'category' does not exist on type 'AuditLogEntity'.
#16 19.16 
#16 19.16 [7m371[0m                 acc[log.category] = (acc[log.category] || 0) + 1;
#16 19.16 [7m   [0m [91m                        ~~~~~~~~[0m
#16 19.16 [96msrc/services/advanced-audit.service.ts[0m:[93m371[0m:[93m46[0m - [91merror[0m[90m TS2339: [0mProperty 'category' does not exist on type 'AuditLogEntity'.
#16 19.16 
#16 19.16 [7m371[0m                 acc[log.category] = (acc[log.category] || 0) + 1;
#16 19.16 [7m   [0m [91m                                             ~~~~~~~~[0m
#16 19.16 [96msrc/services/advanced-audit.service.ts[0m:[93m427[0m:[93m77[0m - [91merror[0m[90m TS2365: [0mOperator '>' cannot be applied to types 'unknown' and 'number'.
#16 19.16 
#16 19.16 [7m427[0m         const unusualIPs = Object.entries(ipCounts).filter(([ip, count]) => count > 20);
#16 19.16 [7m   [0m [91m                                                                            ~~~~~~~~~~[0m
#16 19.16 [96msrc/services/advanced-security.service.ts[0m:[93m5[0m:[93m31[0m - [91merror[0m[90m TS2307: [0mCannot find module '@nestjs/event-emitter' or its corresponding type declarations.
#16 19.16 
#16 19.16 [7m5[0m import { EventEmitter2 } from '@nestjs/event-emitter';
#16 19.16 [7m [0m [91m                              ~~~~~~~~~~~~~~~~~~~~~~~[0m
#16 19.16 [96msrc/services/advanced-security.service.ts[0m:[93m529[0m:[93m17[0m - [91merror[0m[90m TS2365: [0mOperator '>' cannot be applied to types 'unknown' and 'number'.
#16 19.16 
#16 19.16 [7m529[0m             if (count > 10) {
#16 19.16 [7m   [0m [91m                ~~~~~~~~~~[0m
#16 19.16 [96msrc/services/advanced-security.service.ts[0m:[93m555[0m:[93m17[0m - [91merror[0m[90m TS2365: [0mOperator '>' cannot be applied to types 'unknown' and 'number'.
#16 19.16 
#16 19.16 [7m555[0m             if (count > 100) {
#16 19.16 [7m   [0m [91m                ~~~~~~~~~~~[0m
#16 19.16 [96msrc/services/cache-invalidation.service.ts[0m:[93m8[0m:[93m25[0m - [91merror[0m[90m TS2307: [0mCannot find module '@nestjs/event-emitter' or its corresponding type declarations.
#16 19.16 
#16 19.16 [7m8[0m import { OnEvent } from '@nestjs/event-emitter';
#16 19.16 [7m [0m [91m                        ~~~~~~~~~~~~~~~~~~~~~~~[0m
#16 19.16 [96msrc/services/collection-execution.service.ts[0m:[93m10[0m:[93m37[0m - [91merror[0m[90m TS2307: [0mCannot find module '../../../Module_11_Common/src/services/notification.service' or its corresponding type declarations.
#16 19.16 
#16 19.16 [7m10[0m import { NotificationService } from '../../../Module_11_Common/src/services/notification.service';
#16 19.16 [7m  [0m [91m                                    ~~~~~~~~~~~~~~~~~~~~~~~~~~~~~~~~~~~~~~~~~~~~~~~~~~~~~~~~~~~~~[0m
#16 19.16 [96msrc/services/comments.service.ts[0m:[93m13[0m:[93m31[0m - [91merror[0m[90m TS2307: [0mCannot find module '@nestjs/event-emitter' or its corresponding type declarations.
#16 19.16 
#16 19.16 [7m13[0m import { EventEmitter2 } from '@nestjs/event-emitter';
#16 19.16 [7m  [0m [91m                              ~~~~~~~~~~~~~~~~~~~~~~~[0m
#16 19.16 [96msrc/services/integrations/webhook.service.ts[0m:[93m10[0m:[93m25[0m - [91merror[0m[90m TS2307: [0mCannot find module '@nestjs/event-emitter' or its corresponding type declarations.
#16 19.16 
#16 19.16 [7m10[0m import { OnEvent } from '@nestjs/event-emitter';
#16 19.16 [7m  [0m [91m                        ~~~~~~~~~~~~~~~~~~~~~~~[0m
#16 19.16 [96msrc/services/multi-tenant-architecture.service.ts[0m:[93m5[0m:[93m31[0m - [91merror[0m[90m TS2307: [0mCannot find module '@nestjs/event-emitter' or its corresponding type declarations.
#16 19.16 
#16 19.16 [7m5[0m import { EventEmitter2 } from '@nestjs/event-emitter';
#16 19.16 [7m [0m [91m                              ~~~~~~~~~~~~~~~~~~~~~~~[0m
#16 19.16 [96msrc/services/multi-tenant-architecture.service.ts[0m:[93m259[0m:[93m13[0m - [91merror[0m[90m TS2741: [0mProperty 'auditTrail' is missing in type '{ allowed: false; reason: string; }' but required in type '{ allowed: boolean; reason?: string; auditTrail: any; }'.
#16 19.16 
#16 19.16 [7m259[0m             return { allowed: false, reason: 'Tenant not found' };
#16 19.16 [7m   [0m [91m            ~~~~~~[0m
#16 19.16 
#16 19.16   [96msrc/services/multi-tenant-architecture.service.ts[0m:[93m254[0m:[93m9[0m
#16 19.16     [7m254[0m         auditTrail: any;
#16 19.16     [7m   [0m [96m        ~~~~~~~~~~[0m
#16 19.16     'auditTrail' is declared here.
#16 19.16 [96msrc/services/multi-tenant-architecture.service.ts[0m:[93m265[0m:[93m13[0m - [91merror[0m[90m TS2741: [0mProperty 'auditTrail' is missing in type '{ allowed: false; reason: string; }' but required in type '{ allowed: boolean; reason?: string; auditTrail: any; }'.
#16 19.16 
#16 19.16 [7m265[0m             return { allowed: false, reason: 'User does not belong to tenant' };
#16 19.16 [7m   [0m [91m            ~~~~~~[0m
#16 19.16 
#16 19.16   [96msrc/services/multi-tenant-architecture.service.ts[0m:[93m254[0m:[93m9[0m
#16 19.16     [7m254[0m         auditTrail: any;
#16 19.16     [7m   [0m [96m        ~~~~~~~~~~[0m
#16 19.16     'auditTrail' is declared here.
#16 19.16 [96msrc/validators/administration.validators.ts[0m:[93m34[0m:[93m17[0m - [91merror[0m[90m TS2554: [0mExpected 2-3 arguments, but got 1.
#16 19.16 
#16 19.16 [7m34[0m     settings: z.record(z.any()).optional(),
#16 19.16 [7m  [0m [91m                ~~~~~~[0m
#16 19.16 
#16 19.16   [96mnode_modules/zod/v4/classic/schemas.d.cts[0m:[93m513[0m:[93m107[0m
#16 19.16     [7m513[0m export declare function record<Key extends core.$ZodRecordKey, Value extends core.SomeType>(keyType: Key, valueType: Value, params?: string | core.$ZodRecordParams): ZodRecord<Key, Value>;
#16 19.16     [7m   [0m [96m                                                                                                          ~~~~~~~~~~~~~~~~[0m
#16 19.16     An argument for 'valueType' was not provided.
#16 19.16 
#16 19.17 Found 43 error(s).
#16 19.17 
#16 ERROR: process "/bin/sh -c npm run build" did not complete successfully: exit code: 1
------
 > [builder 8/9] RUN npm run build:
19.16 [7m34[0m     settings: z.record(z.any()).optional(),
19.16 [7m  [0m [91m                ~~~~~~[0m
19.16 
19.16   [96mnode_modules/zod/v4/classic/schemas.d.cts[0m:[93m513[0m:[93m107[0m
19.16     [7m513[0m export declare function record<Key extends core.$ZodRecordKey, Value extends core.SomeType>(keyType: Key, valueType: Value, params?: string | core.$ZodRecordParams): ZodRecord<Key, Value>;
19.16     [7m   [0m [96m                                                                                                          ~~~~~~~~~~~~~~~~[0m
19.16     An argument for 'valueType' was not provided.
19.16 
19.17 Found 43 error(s).
19.17 
------
Dockerfile:21

--------------------

  19 |     

  20 |     # Build the application

  21 | >>> RUN npm run build

  22 |     

  23 |     # Remove dev dependencies

--------------------

failed to solve: process "/bin/sh -c npm run 
build" did not complete successfully: exit 
code: 1

