node.exe : FAIL platform/Module_03_Payment_Integration/tests
/verify-module03-gaps.spec.ts
At C:\Program Files\nodejs\npx.ps1:29 char:3
+   & $NODE_EXE $NPX_CLI_JS $args
+   ~~~~~~~~~~~~~~~~~~~~~~~~~~~~~
    + CategoryInfo          : NotSpecified: (FAIL platform/ 
   M...03-gaps.spec.ts:String) [], RemoteException
    + FullyQualifiedErrorId : NativeCommandError
 
  ΓùÅ Test suite failed to run

    Cannot find module '../../../Module_17_Reconciliation_GL
/src/services/erp/tally.service' from 
'tests/verify-module03-gaps.spec.ts'

    [0m [90m  6 |[39m [36mimport[39m { 
[33mPredictiveAnalyticsService[39m } [36mfrom[39m [32m'
../src/services/predictive-analytics.service'[39m[33m;[39
m
     [90m  7 |[39m [36mimport[39m { 
[33mReconciliationService[39m } [36mfrom[39m [32m'../sr
c/services/reconciliation.service'[39m[33m;[39m [90m// 
To test trigger[39m
    [31m[1m>[22m[39m[90m  8 |[39m [36mimport[39m { 
[33mTallyIntegrationService[39m } [36mfrom[39m [32m'../
../../Module_17_Reconciliation_GL/src/services/erp/tally.ser
vice'[39m[33m;[39m
     [90m    |[39m [31m[1m^[22m[39m
     [90m  9 |[39m [36mimport[39m { 
[33mConfigModule[39m } [36mfrom[39m 
[32m'@nestjs/config'[39m[33m;[39m
     [90m 10 |[39m
     [90m 11 |[39m [90m// Mocks[39m[0m

      at Resolver._throwModNotFoundError (../../../../AppDat
a/Local/npm-cache/_npx/b8d86e6551a4f492/node_modules/jest-re
solve/build/index.js:863:11)
      at Object.<anonymous> 
(tests/verify-module03-gaps.spec.ts:8:1)

Test Suites: 1 failed, 1 total
Tests:       0 total
Snapshots:   0 total
Time:        1.775 s
Ran all test suites matching platform/Module_03_Payment_Inte
gration/tests/verify-module03-gaps.spec.ts.
